---
source: tests/feature_tests/mod.rs
expression: "&source.trim()"

---
fnm env | source
fnm alias system my_system
fnm ls | grep my_system
fnm alias system default
fnm alias my_system my_system2
fnm ls | grep my_system2
fnm use my_system | grep 'Bypassing fnm'
fnm unalias my_system
fnm use my_system 2>&1 | grep 'Requested version my_system is not currently installed'
