// Jest Snapshot v1, https://goo.gl/fbAQLP

exports[`Bash allows to install an lts if version missing: Bash 1`] = `
"set -e
eval "$(fnm env)"
fnm use --install-if-missing
fnm ls | grep lts-latest || (echo "Expected output to contain lts-latest" && exit 1)"
`;

exports[`Fish allows to install an lts if version missing: Fish 1`] = `
"fnm env | source
fnm use --install-if-missing
fnm ls | grep lts-latest; or echo "Expected output to contain lts-latest" && exit 1"
`;

exports[`PowerShell allows to install an lts if version missing: PowerShell 1`] = `
"$ErrorActionPreference = "Stop"
fnm env | Out-String | Invoke-Expression
fnm use --install-if-missing
$($__out__ = $(fnm ls | Select-String lts-latest); if ($__out__ -eq $null) { exit 1 } else { $__out__ })"
`;

exports[`Zsh allows to install an lts if version missing: Zsh 1`] = `
"set -e
eval "$(fnm env)"
fnm use --install-if-missing
fnm ls | grep lts-latest || (echo "Expected output to contain lts-latest" && exit 1)"
`;
