// Jest Snapshot v1, https://goo.gl/fbAQLP

exports[`Bash switches to system node: Bash 1`] = `
"set -e
eval "$(fnm env)"
fnm install
fnm use
fnm ls | grep lts-dubnium || (echo "Expected output to contain lts-dubnium" && exit 1)"
`;

exports[`Fish switches to system node: Fish 1`] = `
"fnm env | source
fnm install
fnm use
fnm ls | grep lts-dubnium; or echo "Expected output to contain lts-dubnium" && exit 1"
`;

exports[`PowerShell switches to system node: PowerShell 1`] = `
"$ErrorActionPreference = "Stop"
fnm env | Out-String | Invoke-Expression
fnm install
fnm use
$($__out__ = $(fnm ls | Select-String lts-dubnium); if ($__out__ -eq $null) { exit 1 } else { $__out__ })"
`;

exports[`Zsh switches to system node: Zsh 1`] = `
"set -e
eval "$(fnm env)"
fnm install
fnm use
fnm ls | grep lts-dubnium || (echo "Expected output to contain lts-dubnium" && exit 1)"
`;
